// Jest Snapshot v1, https://goo.gl/fbAQLP

exports[`JoinSessionScreen snapshot 1`] = `
<View
  style={
    Object {
      "backgroundColor": "#F4F1EC",
      "flex": 1,
      "justifyContent": "center",
    }
  }
>
  <View
    style={Object {}}
  >
    <View
      pointerEvents="none"
      style={
        Array [
          Object {
            "bottom": 0,
            "left": 0,
            "position": "absolute",
            "right": 0,
            "top": 6,
          },
          Object {
            "backgroundColor": "#f6f6f6",
            "borderColor": "rgba(0, 0, 0, 0.54)",
            "borderRadius": 4,
            "borderWidth": 1,
          },
        ]
      }
      testID="text-input-outline"
    />
    <View>
      <View
        style={
          Array [
            Object {
              "paddingBottom": 0,
            },
            Object {
              "minHeight": 64,
              "paddingTop": 8,
            },
          ]
        }
      >
        <View
          pointerEvents="none"
          style={
            Object {
              "bottom": 0,
              "left": 0,
              "opacity": 1,
              "position": "absolute",
              "right": 0,
              "top": 0,
              "transform": Array [
                Object {
                  "translateX": 0,
                },
              ],
              "zIndex": 3,
            }
          }
        >
          <View
            pointerEvents="none"
            style={
              Object {
                "backgroundColor": "#f6f6f6",
                "bottom": 4,
                "left": 10,
                "maxHeight": 2,
                "opacity": 0,
                "position": "absolute",
                "right": 0,
                "top": 6,
                "transform": Array [
                  Object {
                    "translateX": 0,
                  },
                ],
                "width": 12,
              }
            }
          />
          <Text
            numberOfLines={1}
            style={
              Object {
                "backgroundColor": "#f6f6f6",
                "color": "transparent",
                "fontFamily": "System",
                "fontSize": 16,
                "fontWeight": undefined,
                "left": 18,
                "maxWidth": -28,
                "opacity": 0,
                "paddingHorizontal": 0,
                "position": "absolute",
                "textAlign": "left",
                "top": 37,
                "transform": Array [
                  Object {
                    "translateX": 0,
                  },
                  Object {
                    "translateY": 0,
                  },
                  Object {
                    "scale": 1,
                  },
                  Object {
                    "scaleY": 1,
                  },
                ],
                "writingDirection": "ltr",
              }
            }
          >
            Username
          </Text>
          <Text
            numberOfLines={1}
            onLayout={[Function]}
            style={
              Object {
                "color": "#6200ee",
                "fontFamily": "System",
                "fontSize": 16,
                "fontWeight": undefined,
                "left": 0,
                "opacity": 0,
                "paddingHorizontal": 14,
                "position": "absolute",
                "textAlign": "left",
                "top": 36,
                "transform": Array [
                  Object {
                    "translateX": 0,
                  },
                  Object {
                    "translateY": 0,
                  },
                  Object {
                    "scale": 1,
                  },
                ],
                "writingDirection": "ltr",
              }
            }
          >
            Username
          </Text>
          <Text
            numberOfLines={1}
            style={
              Object {
                "color": "rgba(0, 0, 0, 0.54)",
                "fontFamily": "System",
                "fontSize": 16,
                "fontWeight": undefined,
                "left": 0,
                "opacity": 0,
                "paddingHorizontal": 14,
                "position": "absolute",
                "textAlign": "left",
                "top": 36,
                "transform": Array [
                  Object {
                    "translateX": 0,
                  },
                  Object {
                    "translateY": 0,
                  },
                  Object {
                    "scale": 1,
                  },
                ],
                "writingDirection": "ltr",
              }
            }
          >
            Username
          </Text>
        </View>
        <TextInput
          allowFontScaling={true}
          editable={true}
          multiline={false}
          onBlur={[Function]}
          onChangeText={[Function]}
          onFocus={[Function]}
          placeholder=""
          placeholderTextColor="rgba(0, 0, 0, 0.54)"
          rejectResponderTermination={true}
          selectionColor="#6200ee"
          style={
            Array [
              Object {
                "flexGrow": 1,
                "margin": 0,
                "paddingHorizontal": 14,
                "zIndex": 1,
              },
              Object {
                "height": 56,
              },
              Object {
                "paddingBottom": 0,
                "paddingTop": 0,
              },
              Object {
                "color": "#000000",
                "fontFamily": "System",
                "fontSize": 16,
                "fontWeight": undefined,
                "textAlign": "left",
                "textAlignVertical": "center",
              },
              false,
              Array [
                Object {},
              ],
            ]
          }
          testID="text-input-outlined"
          underlineColorAndroid="transparent"
          value=""
        />
      </View>
    </View>
  </View>
  <View
    style={Object {}}
  >
    <View
      pointerEvents="none"
      style={
        Array [
          Object {
            "bottom": 0,
            "left": 0,
            "position": "absolute",
            "right": 0,
            "top": 6,
          },
          Object {
            "backgroundColor": "#f6f6f6",
            "borderColor": "rgba(0, 0, 0, 0.54)",
            "borderRadius": 4,
            "borderWidth": 1,
          },
        ]
      }
      testID="text-input-outline"
    />
    <View>
      <View
        style={
          Array [
            Object {
              "paddingBottom": 0,
            },
            Object {
              "minHeight": 64,
              "paddingTop": 8,
            },
          ]
        }
      >
        <View
          pointerEvents="none"
          style={
            Object {
              "bottom": 0,
              "left": 0,
              "opacity": 1,
              "position": "absolute",
              "right": 0,
              "top": 0,
              "transform": Array [
                Object {
                  "translateX": 0,
                },
              ],
              "zIndex": 3,
            }
          }
        >
          <View
            pointerEvents="none"
            style={
              Object {
                "backgroundColor": "#f6f6f6",
                "bottom": 4,
                "left": 10,
                "maxHeight": 2,
                "opacity": 0,
                "position": "absolute",
                "right": 0,
                "top": 6,
                "transform": Array [
                  Object {
                    "translateX": 0,
                  },
                ],
                "width": 12,
              }
            }
          />
          <Text
            numberOfLines={1}
            style={
              Object {
                "backgroundColor": "#f6f6f6",
                "color": "transparent",
                "fontFamily": "System",
                "fontSize": 16,
                "fontWeight": undefined,
                "left": 18,
                "maxWidth": -28,
                "opacity": 0,
                "paddingHorizontal": 0,
                "position": "absolute",
                "textAlign": "left",
                "top": 37,
                "transform": Array [
                  Object {
                    "translateX": 0,
                  },
                  Object {
                    "translateY": 0,
                  },
                  Object {
                    "scale": 1,
                  },
                  Object {
                    "scaleY": 1,
                  },
                ],
                "writingDirection": "ltr",
              }
            }
          >
            Username of session creator
          </Text>
          <Text
            numberOfLines={1}
            onLayout={[Function]}
            style={
              Object {
                "color": "#6200ee",
                "fontFamily": "System",
                "fontSize": 16,
                "fontWeight": undefined,
                "left": 0,
                "opacity": 0,
                "paddingHorizontal": 14,
                "position": "absolute",
                "textAlign": "left",
                "top": 36,
                "transform": Array [
                  Object {
                    "translateX": 0,
                  },
                  Object {
                    "translateY": 0,
                  },
                  Object {
                    "scale": 1,
                  },
                ],
                "writingDirection": "ltr",
              }
            }
          >
            Username of session creator
          </Text>
          <Text
            numberOfLines={1}
            style={
              Object {
                "color": "rgba(0, 0, 0, 0.54)",
                "fontFamily": "System",
                "fontSize": 16,
                "fontWeight": undefined,
                "left": 0,
                "opacity": 0,
                "paddingHorizontal": 14,
                "position": "absolute",
                "textAlign": "left",
                "top": 36,
                "transform": Array [
                  Object {
                    "translateX": 0,
                  },
                  Object {
                    "translateY": 0,
                  },
                  Object {
                    "scale": 1,
                  },
                ],
                "writingDirection": "ltr",
              }
            }
          >
            Username of session creator
          </Text>
        </View>
        <TextInput
          allowFontScaling={true}
          editable={true}
          multiline={false}
          onBlur={[Function]}
          onChangeText={[Function]}
          onFocus={[Function]}
          placeholder=""
          placeholderTextColor="rgba(0, 0, 0, 0.54)"
          rejectResponderTermination={true}
          selectionColor="#6200ee"
          style={
            Array [
              Object {
                "flexGrow": 1,
                "margin": 0,
                "paddingHorizontal": 14,
                "zIndex": 1,
              },
              Object {
                "height": 56,
              },
              Object {
                "paddingBottom": 0,
                "paddingTop": 0,
              },
              Object {
                "color": "#000000",
                "fontFamily": "System",
                "fontSize": 16,
                "fontWeight": undefined,
                "textAlign": "left",
                "textAlignVertical": "center",
              },
              false,
              Array [
                Object {},
              ],
            ]
          }
          testID="text-input-outlined"
          underlineColorAndroid="transparent"
          value=""
        />
      </View>
    </View>
  </View>
  <View
    accessible={true}
    collapsable={false}
    focusable={true}
    onBlur={[Function]}
    onClick={[Function]}
    onFocus={[Function]}
    onResponderGrant={[Function]}
    onResponderMove={[Function]}
    onResponderRelease={[Function]}
    onResponderTerminate={[Function]}
    onResponderTerminationRequest={[Function]}
    onStartShouldSetResponder={[Function]}
    style={
      Object {
        "backgroundColor": "#4E1C00",
        "borderRadius": 15,
        "margin": 10,
        "maxWidth": 300,
        "padding": 10,
      }
    }
  >
    <Text
      style={
        Object {
          "color": "#FFFFFF",
          "textAlign": "center",
        }
      }
    >
       Start rating
    </Text>
  </View>
</View>
`;
