// Jest Snapshot v1, https://goo.gl/fbAQLP

exports[`Movie component snapshot 1`] = `
<View
  style={
    Object {
      "backgroundColor": "#ffffff",
      "borderColor": "rgba(0, 0, 0, 0.12)",
      "borderRadius": 4,
      "elevation": 1,
      "margin": 10,
      "shadowColor": "#000000",
      "shadowOffset": Object {
        "height": 0.5,
        "width": 0,
      },
      "shadowOpacity": 0.24,
      "shadowRadius": 0.75,
    }
  }
>
  <View
    accessible={true}
    focusable={false}
    onClick={[Function]}
    onResponderGrant={[Function]}
    onResponderMove={[Function]}
    onResponderRelease={[Function]}
    onResponderTerminate={[Function]}
    onResponderTerminationRequest={[Function]}
    onStartShouldSetResponder={[Function]}
    style={
      Object {
        "flexGrow": 1,
        "flexShrink": 1,
      }
    }
  >
    <View
      index={0}
      siblings={
        Array [
          "View",
        ]
      }
      style={
        Object {
          "flexDirection": "row",
        }
      }
      total={1}
    >
      <View
        style={
          Array [
            Object {
              "backgroundColor": "#eeeeee",
              "height": 195,
              "overflow": "hidden",
            },
            undefined,
            Object {
              "width": 100,
            },
          ]
        }
      >
        <Image
          source={
            Object {
              "uri": "https://image.tmdb.org/t/p/w500//sg4xJaufDiQl7caFEskBtQXfD4x.jpg",
            }
          }
          style={
            Array [
              Object {
                "flex": 1,
                "height": undefined,
                "justifyContent": "flex-end",
                "padding": 16,
                "width": undefined,
              },
              undefined,
            ]
          }
        />
      </View>
      <View>
        <Text
          ellipsizeMode="tail"
          numberOfLines={1}
          style={
            Array [
              Object {
                "color": "#000000",
                "fontFamily": "System",
                "fontWeight": "400",
              },
              Object {
                "textAlign": "left",
              },
              Array [
                Object {
                  "textAlign": "left",
                },
                Object {
                  "color": "rgba(0, 0, 0, 0.87)",
                  "fontFamily": "System",
                  "fontWeight": "500",
                  "writingDirection": "ltr",
                },
                Array [
                  Object {
                    "fontSize": 20,
                    "letterSpacing": 0.15,
                    "lineHeight": 30,
                    "marginVertical": 2,
                  },
                  undefined,
                ],
              ],
            ]
          }
        >
          Ghostbusters: Afterlife
        </Text>
        <View
          style={
            Array [
              Object {
                "alignItems": "center",
                "flexDirection": "row",
                "justifyContent": "flex-start",
                "padding": 8,
              },
              Object {
                "flexDirection": "col",
              },
            ]
          }
        >
          <View
            style={
              Object {
                "flex": 1,
                "justifyContent": "center",
              }
            }
          >
            <View
              style={
                Array [
                  Object {
                    "alignItems": "center",
                    "backgroundColor": "transparent",
                    "flexDirection": "column",
                    "justifyContent": "center",
                  },
                ]
              }
            >
              <Text
                style={
                  Array [
                    Object {
                      "fontWeight": "bold",
                      "margin": 10,
                    },
                    Object {
                      "color": "rgba(230, 196, 46, 1)",
                      "fontSize": 25,
                    },
                  ]
                }
              >
                
              </Text>
              <View
                style={
                  Array [
                    Object {
                      "alignItems": "center",
                      "flexDirection": "row",
                      "justifyContent": "center",
                    },
                  ]
                }
              >
                <View
                  accessible={true}
                  focusable={true}
                  onClick={[Function]}
                  onResponderGrant={[Function]}
                  onResponderMove={[Function]}
                  onResponderRelease={[Function]}
                  onResponderTerminate={[Function]}
                  onResponderTerminationRequest={[Function]}
                  onStartShouldSetResponder={[Function]}
                  style={
                    Object {
                      "opacity": 1,
                    }
                  }
                >
                  <Image
                    source={1}
                    style={
                      Object {
                        "height": 40,
                        "margin": 3,
                        "tintColor": "#f1c40f",
                        "transform": Array [
                          Object {
                            "scale": 1,
                          },
                        ],
                        "width": 40,
                      }
                    }
                  />
                </View>
                <View
                  accessible={true}
                  focusable={true}
                  onClick={[Function]}
                  onResponderGrant={[Function]}
                  onResponderMove={[Function]}
                  onResponderRelease={[Function]}
                  onResponderTerminate={[Function]}
                  onResponderTerminationRequest={[Function]}
                  onStartShouldSetResponder={[Function]}
                  style={
                    Object {
                      "opacity": 1,
                    }
                  }
                >
                  <Image
                    source={1}
                    style={
                      Object {
                        "height": 40,
                        "margin": 3,
                        "tintColor": "#f1c40f",
                        "transform": Array [
                          Object {
                            "scale": 1,
                          },
                        ],
                        "width": 40,
                      }
                    }
                  />
                </View>
                <View
                  accessible={true}
                  focusable={true}
                  onClick={[Function]}
                  onResponderGrant={[Function]}
                  onResponderMove={[Function]}
                  onResponderRelease={[Function]}
                  onResponderTerminate={[Function]}
                  onResponderTerminationRequest={[Function]}
                  onStartShouldSetResponder={[Function]}
                  style={
                    Object {
                      "opacity": 1,
                    }
                  }
                >
                  <Image
                    source={1}
                    style={
                      Object {
                        "height": 40,
                        "margin": 3,
                        "tintColor": "#f1c40f",
                        "transform": Array [
                          Object {
                            "scale": 1,
                          },
                        ],
                        "width": 40,
                      }
                    }
                  />
                </View>
                <View
                  accessible={true}
                  focusable={true}
                  onClick={[Function]}
                  onResponderGrant={[Function]}
                  onResponderMove={[Function]}
                  onResponderRelease={[Function]}
                  onResponderTerminate={[Function]}
                  onResponderTerminationRequest={[Function]}
                  onStartShouldSetResponder={[Function]}
                  style={
                    Object {
                      "opacity": 1,
                    }
                  }
                >
                  <Image
                    source={1}
                    style={
                      Object {
                        "height": 40,
                        "margin": 3,
                        "tintColor": "#BDC3C7",
                        "transform": Array [
                          Object {
                            "scale": 1,
                          },
                        ],
                        "width": 40,
                      }
                    }
                  />
                </View>
                <View
                  accessible={true}
                  focusable={true}
                  onClick={[Function]}
                  onResponderGrant={[Function]}
                  onResponderMove={[Function]}
                  onResponderRelease={[Function]}
                  onResponderTerminate={[Function]}
                  onResponderTerminationRequest={[Function]}
                  onStartShouldSetResponder={[Function]}
                  style={
                    Object {
                      "opacity": 1,
                    }
                  }
                >
                  <Image
                    source={1}
                    style={
                      Object {
                        "height": 40,
                        "margin": 3,
                        "tintColor": "#BDC3C7",
                        "transform": Array [
                          Object {
                            "scale": 1,
                          },
                        ],
                        "width": 40,
                      }
                    }
                  />
                </View>
              </View>
            </View>
          </View>
          <View
            style={
              Object {
                "backgroundColor": "transparent",
                "borderColor": "transparent",
                "borderRadius": 4,
                "borderStyle": "solid",
                "borderWidth": 0,
                "elevation": 0,
                "minWidth": "auto",
              }
            }
            type="text"
          >
            <View
              accessibilityRole="button"
              accessibilityState={
                Object {
                  "disabled": undefined,
                }
              }
              accessible={true}
              focusable={true}
              onClick={[Function]}
              onResponderGrant={[Function]}
              onResponderMove={[Function]}
              onResponderRelease={[Function]}
              onResponderTerminate={[Function]}
              onResponderTerminationRequest={[Function]}
              onStartShouldSetResponder={[Function]}
              style={
                Array [
                  Object {
                    "overflow": "hidden",
                  },
                  Object {
                    "borderRadius": 4,
                  },
                ]
              }
            >
              <View
                style={
                  Array [
                    Object {
                      "alignItems": "center",
                      "flexDirection": "row",
                      "justifyContent": "center",
                    },
                    undefined,
                  ]
                }
              >
                <Text
                  numberOfLines={1}
                  selectable={false}
                  style={
                    Array [
                      Object {
                        "color": "#000000",
                        "fontFamily": "System",
                        "fontWeight": "400",
                      },
                      Object {
                        "textAlign": "left",
                      },
                      Array [
                        Object {
                          "letterSpacing": 1,
                          "marginHorizontal": 16,
                          "marginVertical": 9,
                          "textAlign": "center",
                        },
                        Object {
                          "marginHorizontal": 8,
                        },
                        Object {
                          "textTransform": "uppercase",
                        },
                        Object {
                          "color": "#6200ee",
                          "fontFamily": "System",
                          "fontWeight": "500",
                        },
                        Object {
                          "fontFamily": "System",
                          "fontWeight": "500",
                        },
                        undefined,
                      ],
                    ]
                  }
                >
                  <Text
                    style={
                      Object {
                        "color": "#F66B06",
                        "fontWeight": "bold",
                      }
                    }
                  >
                    More info
                  </Text>
                </Text>
              </View>
            </View>
          </View>
        </View>
      </View>
    </View>
  </View>
</View>
`;
