// Jest Snapshot v1, https://goo.gl/fbAQLP

exports[`ResultScreen snapshot 1`] = `
<View
  collapsable={false}
  pointerEvents="box-none"
  style={
    Object {
      "flex": 1,
    }
  }
>
  <RCTSafeAreaView
    emulateUnlessSupported={true}
    style={
      Object {
        "backgroundColor": "#0f0b1c",
        "flex": 1,
        "justifyContent": "center",
        "padding": 20,
      }
    }
  >
    <RCTScrollView>
      <View>
        <View
          style={
            Object {
              "justifyContent": "flex-start",
              "marginHorizontal": 10,
            }
          }
        >
          <View
            style={
              Object {
                "flexDirection": "row",
                "justifyContent": "space-between",
                "marginBottom": 10,
              }
            }
          >
            <Text
              style={
                Array [
                  Object {
                    "color": "#000000",
                    "fontFamily": "System",
                    "fontWeight": "400",
                  },
                  Object {
                    "textAlign": "left",
                  },
                  Array [
                    Object {
                      "textAlign": "left",
                    },
                    Object {
                      "color": "rgba(0, 0, 0, 0.87)",
                      "fontFamily": "System",
                      "fontWeight": "400",
                      "writingDirection": "ltr",
                    },
                    Array [
                      Object {
                        "fontSize": 24,
                        "letterSpacing": 0,
                        "lineHeight": 32,
                        "marginVertical": 2,
                      },
                      Object {
                        "alignSelf": "center",
                        "color": "#FF9C55",
                        "fontSize": 26,
                        "fontStyle": "italic",
                      },
                    ],
                  ],
                ]
              }
            >
              Participants in 
              
            </Text>
            <View
              accessibilityRole="button"
              accessibilityState={
                Object {
                  "disabled": undefined,
                }
              }
              accessible={true}
              focusable={true}
              hitSlop={
                Object {
                  "bottom": 6,
                  "left": 6,
                  "right": 6,
                  "top": 6,
                }
              }
              onClick={[Function]}
              onResponderGrant={[Function]}
              onResponderMove={[Function]}
              onResponderRelease={[Function]}
              onResponderTerminate={[Function]}
              onResponderTerminationRequest={[Function]}
              onStartShouldSetResponder={[Function]}
              style={
                Array [
                  Object {
                    "overflow": "hidden",
                  },
                  Array [
                    Object {
                      "alignItems": "center",
                      "justifyContent": "center",
                      "margin": 6,
                      "overflow": "hidden",
                    },
                    Object {
                      "borderRadius": 18,
                      "height": 36,
                      "width": 36,
                    },
                    undefined,
                    Object {
                      "alignSelf": "flex-end",
                      "backgroundColor": "#352761",
                    },
                  ],
                ]
              }
            >
              <View>
                <Text />
              </View>
            </View>
          </View>
          <View
            style={
              Object {
                "flexDirection": "row",
                "flexWrap": "wrap",
              }
            }
          />
          <Text
            style={
              Array [
                Object {
                  "color": "#000000",
                  "fontFamily": "System",
                  "fontWeight": "400",
                },
                Object {
                  "textAlign": "left",
                },
                Array [
                  Object {
                    "textAlign": "left",
                  },
                  Object {
                    "color": "rgba(0, 0, 0, 0.87)",
                    "fontFamily": "System",
                    "fontWeight": "400",
                    "writingDirection": "ltr",
                  },
                  Array [
                    Object {
                      "fontSize": 24,
                      "letterSpacing": 0,
                      "lineHeight": 32,
                      "marginVertical": 2,
                    },
                    Object {
                      "color": "#FF9C55",
                      "fontSize": 26,
                      "fontStyle": "italic",
                      "marginTop": 10,
                    },
                  ],
                ],
              ]
            }
          >
            Results from the voting
          </Text>
        </View>
        <View />
      </View>
    </RCTScrollView>
    <View
      accessible={true}
      collapsable={false}
      focusable={true}
      onBlur={[Function]}
      onClick={[Function]}
      onFocus={[Function]}
      onResponderGrant={[Function]}
      onResponderMove={[Function]}
      onResponderRelease={[Function]}
      onResponderTerminate={[Function]}
      onResponderTerminationRequest={[Function]}
      onStartShouldSetResponder={[Function]}
      style={
        Object {
          "alignSelf": "flex-end",
          "backgroundColor": "#352761",
          "borderRadius": 10,
          "margin": 10,
          "maxWidth": 200,
          "padding": 15,
          "paddingHorizontal": 30,
        }
      }
    >
      <Text
        style={
          Object {
            "color": "#FFFFFF",
            "textAlign": "center",
          }
        }
      >
         Go to start screen
      </Text>
    </View>
  </RCTSafeAreaView>
</View>
`;
